Traceback (most recent call last):
  File "<frozen runpy>", line 203, in _run_module_as_main
  File "<frozen runpy>", line 88, in _run_code
  File "D:\automatizacion\captcha_solver_imss\cnn_solver\train_v3.py", line 810, in <module>
    main()
    ~~~~^^
  File "D:\automatizacion\captcha_solver_imss\cnn_solver\train_v3.py", line 800, in main
    train_single(
    ~~~~~~~~~~~~^
        args.arch, seed=args.seed,
        ^^^^^^^^^^^^^^^^^^^^^^^^^^
    ...<3 lines>...
        lr=args.lr, raw_dir=raw_dir, suffix=args.suffix,
        ^^^^^^^^^^^^^^^^^^^^^^^^^^^^^^^^^^^^^^^^^^^^^^^^
    )
    ^
  File "D:\automatizacion\captcha_solver_imss\cnn_solver\train_v3.py", line 568, in train_single
    checkpoint = torch.load(best_path, map_location=device, weights_only=False)
  File "C:\Users\MK\AppData\Local\Programs\Python\Python314\Lib\site-packages\torch\serialization.py", line 1530, in load
    with _open_file_like(f, "rb") as opened_file:
         ~~~~~~~~~~~~~~~^^^^^^^^^
  File "C:\Users\MK\AppData\Local\Programs\Python\Python314\Lib\site-packages\torch\serialization.py", line 795, in _open_file_like
    return _open_file(name_or_buffer, mode)
  File "C:\Users\MK\AppData\Local\Programs\Python\Python314\Lib\site-packages\torch\serialization.py", line 776, in __init__
    super().__init__(open(name, mode))  # noqa: SIM115
                     ~~~~^^^^^^^^^^^^
FileNotFoundError: [Errno 2] No such file or directory: 'D:\\automatizacion\\captcha_solver_imss\\cnn_solver\\models\\attention_s42_v3_full.pt'
