
============================================================
  Model: ORIGINAL | Seed: 42
  Device: cpu
  Classes: 62
============================================================

  === Loading data ===
  [CNN] Captchas totales: 307
  [CNN] Train captchas: 307, Val captchas: 0
  [CNN] train: 2149 chars, 52/62 clases, min=1, max=63
  [CNN] val: 0 chars, 0/62 clases, min=0, max=0
  Params: 667,134

  === PHASE 1: Clean (2149 train, 0 val) ===
  P1 E  1 | train=0.0335 | captcha=0.0% | best_train=0.0% | lr=0.00300 | 19s
  P1 E 10 | train=0.0959 | captcha=0.0% | best_train=0.0% | lr=0.00300 | 90s
  P1 E 20 | train=0.1819 | captcha=0.0% | best_train=0.0% | lr=0.00300 | 170s
  P1 E 30 | train=0.3309 | captcha=0.0% | best_train=0.0% | lr=0.00300 | 252s
  P1 E 40 | train=0.4867 | captcha=1.6% | best_train=1.6% | lr=0.00300 | 340s
  P1 E 50 | train=0.5882 | captcha=14.7% | best_train=14.7% | lr=0.00150 | 422s
  P1 E 60 | train=0.7259 | captcha=38.8% | best_train=38.8% | lr=0.00150 | 503s
  P1 E 70 | train=0.7836 | captcha=45.6% | best_train=45.6% | lr=0.00150 | 585s
  P1 E 80 | train=0.8004 | captcha=48.9% | best_train=48.9% | lr=0.00150 | 664s
  P1 E 90 | train=0.8250 | captcha=48.9% | best_train=48.9% | lr=0.00150 | 743s
  P1 E100 | train=0.8423 | captcha=53.4% | best_train=53.4% | lr=0.00075 | 821s
  P1 E110 | train=0.8767 | captcha=47.8% | best_train=53.4% | lr=0.00075 | 902s
  P1 E120 | train=0.8730 | captcha=47.5% | best_train=53.4% | lr=0.00075 | 984s
  P1 E130 | train=0.8855 | captcha=48.3% | best_train=53.4% | lr=0.00075 | 1072s
  P1 E140 | train=0.8874 | captcha=47.8% | best_train=53.4% | lr=0.00075 | 1158s
  P1 E150 | train=0.9004 | captcha=48.3% | best_train=53.4% | lr=0.00038 | 1251s
  P1 E160 | train=0.9111 | captcha=51.4% | best_train=53.4% | lr=0.00038 | 1336s
  P1 E170 | train=0.9088 | captcha=50.0% | best_train=53.4% | lr=0.00038 | 1419s
  P1 E180 | train=0.9111 | captcha=50.0% | best_train=53.4% | lr=0.00038 | 1592s
  P1 E190 | train=0.9074 | captcha=44.3% | best_train=53.4% | lr=0.00038 | 1687s
  P1 E200 | train=0.9013 | captcha=44.5% | best_train=53.4% | lr=0.00019 | 1771s
  P1 E210 | train=0.9148 | captcha=43.8% | best_train=53.4% | lr=0.00019 | 1850s
  P1 E220 | train=0.9079 | captcha=44.7% | best_train=53.4% | lr=0.00019 | 1929s
  P1 E230 | train=0.9162 | captcha=43.3% | best_train=53.4% | lr=0.00019 | 2008s
  P1 E240 | train=0.9097 | captcha=43.8% | best_train=53.4% | lr=0.00019 | 2095s
  P1 E250 | train=0.9158 | captcha=43.3% | best_train=53.4% | lr=0.00009 | 2190s
  P1 E260 | train=0.9153 | captcha=44.3% | best_train=53.4% | lr=0.00009 | 2295s
  P1 E270 | train=0.9046 | captcha=45.0% | best_train=53.4% | lr=0.00009 | 2394s
  P1 E280 | train=0.9311 | captcha=44.3% | best_train=53.4% | lr=0.00009 | 2505s
  P1 E290 | train=0.9223 | captcha=43.3% | best_train=53.4% | lr=0.00009 | 2615s
  P1 E300 | train=0.9083 | captcha=43.3% | best_train=53.4% | lr=0.00005 | 2724s

  === PHASE 1 DONE: 2724s, Best val=0.0% ===

  === PHASE 2: Augmented (intensity=0.5, mult=3) ===
  [CNN] Captchas totales: 409
  [CNN] Train captchas: 409, Val captchas: 0
  [CNN] train: 8589 chars, 52/62 clases, min=3, max=219
  [CNN] val: 0 chars, 0/62 clases, min=0, max=0
  Combined train: 8589 samples
  P2 E  1 | train=0.4878 | captcha=38.6% | best_train=53.4% | 2783s
  P2 E 10 | train=0.6383 | captcha=37.2% | best_train=53.4% | 3129s
  P2 E 20 | train=0.7667 | captcha=43.0% | best_train=53.4% | 3433s
  P2 E 30 | train=0.8255 | captcha=44.3% | best_train=53.4% | 3733s
  P2 E 40 | train=0.8658 | captcha=43.8% | best_train=53.4% | 4036s
  P2 E 50 | train=0.8874 | captcha=46.7% | best_train=53.4% | 4345s
  P2 E 60 | train=0.8864 | captcha=45.5% | best_train=53.4% | 4645s
  P2 E 70 | train=0.9057 | captcha=45.2% | best_train=53.4% | 4968s
  P2 E 80 | train=0.9078 | captcha=46.5% | best_train=53.4% | 5311s
  P2 E 90 | train=0.9136 | captcha=46.7% | best_train=53.4% | 5653s
  P2 E100 | train=0.9072 | captcha=45.5% | best_train=53.4% | 6004s

  === FINAL EVAL ===
  Best checkpoint: epoch=100, val_acc=0.0%
  [CNN] Captcha: 164/409 = 40.1%
  [CNN] Char-level: 1967/2863 = 68.7%
  [CNN] Errors (245):
    2U7tFeK.jpg: exp=2U7tFeK got=237tFeK
            ^     
    2WDKYGG.jpg: exp=2WDKYGG got=WChfETM
           ^^^^^^^
    2kypRJK.jpg: exp=2kypRJK got=2kyARJK
              ^   
    3TPGDaB.jpg: exp=3TPGDaB got=wjjmJPc
           ^^^^^^^
    3Xhaa7C.jpg: exp=3Xhaa7C got=53a9eGF
           ^^^^^^^
    3XthYde.jpg: exp=3XthYde got=H9j5Rrq
           ^^^^^^^
    3eGSEwX.jpg: exp=3eGSEwX got=66686Tb
           ^^^^^^^
    3mtSYLT.jpg: exp=3mtSYLT got=fPGjDqW
           ^^^^^^^
    3nFtu7s.jpg: exp=3nFtu7s got=6kP7u8P
           ^^^^ ^^
    4UKqT2n.jpg: exp=4UKqT2n got=nQLFYTS
           ^^^^^^^

  === SUMMARY ===
  Arch: original | Seed: 42
  Captcha acc: 40.1%
  Char acc: 68.7%
  Best val: 0.0%
  Total time: 6004s
  Saved: D:\automatizacion\captcha_solver_imss\cnn_solver\models\original_s42_307.pt
